D:\users\oall\Doutorado\Estudos de Caso\Tetris\src\Aspects\Development\DesignCheck.java
D:\users\oall\Doutorado\Estudos de Caso\Tetris\src\Aspects\Gui\GameInfo.java
D:\users\oall\Doutorado\Estudos de Caso\Tetris\src\Aspects\Gui\Menu.java
D:\users\oall\Doutorado\Estudos de Caso\Tetris\src\Aspects\Highscore\Counter.java
D:\users\oall\Doutorado\Estudos de Caso\Tetris\src\Aspects\Highscore\Levels.java
D:\users\oall\Doutorado\Estudos de Caso\Tetris\src\Aspects\Logic\NewBlocks.java
D:\users\oall\Doutorado\Estudos de Caso\Tetris\src\Aspects\Logic\NextBlock.java
D:\users\oall\Doutorado\Estudos de Caso\Tetris\src\Aspects\TestAspect.java
D:\users\oall\Doutorado\Estudos de Caso\Tetris\src\EventInterface\IEventListner.java
D:\users\oall\Doutorado\Estudos de Caso\Tetris\src\Gui\BlockPanel.java
D:\users\oall\Doutorado\Estudos de Caso\Tetris\src\Gui\Driver.java
D:\users\oall\Doutorado\Estudos de Caso\Tetris\src\Gui\TetrisGUI.java
D:\users\oall\Doutorado\Estudos de Caso\Tetris\src\Logic\Blocks.java
D:\users\oall\Doutorado\Estudos de Caso\Tetris\src\Logic\TetrisImages.java
D:\users\oall\Doutorado\Estudos de Caso\Tetris\src\Logic\Timer.java
D:\users\oall\Doutorado\Estudos de Caso\Tetris\src\Main\AspectTetris.java
